C:\Users\antonio nohra\Downloads\ingsw-springboot-demo-master\ingsw-springboot-demo-master\src\main\java\cdbm\ucab\ingsw\service\CustomerService.java
C:\Users\antonio nohra\Downloads\ingsw-springboot-demo-master\ingsw-springboot-demo-master\src\main\java\cdbm\ucab\ingsw\repository\CustomerRepository.java
C:\Users\antonio nohra\Downloads\ingsw-springboot-demo-master\ingsw-springboot-demo-master\src\main\java\cdbm\ucab\ingsw\command\ValidationRules.java
C:\Users\antonio nohra\Downloads\ingsw-springboot-demo-master\ingsw-springboot-demo-master\src\main\java\cdbm\ucab\ingsw\response\CustomerResponse.java
C:\Users\antonio nohra\Downloads\ingsw-springboot-demo-master\ingsw-springboot-demo-master\src\main\java\cdbm\ucab\ingsw\MainApplication.java
C:\Users\antonio nohra\Downloads\ingsw-springboot-demo-master\ingsw-springboot-demo-master\src\main\java\cdbm\ucab\ingsw\model\Customer.java
C:\Users\antonio nohra\Downloads\ingsw-springboot-demo-master\ingsw-springboot-demo-master\src\main\java\cdbm\ucab\ingsw\command\CustomerSignUpCommand.java
C:\Users\antonio nohra\Downloads\ingsw-springboot-demo-master\ingsw-springboot-demo-master\src\main\java\cdbm\ucab\ingsw\controller\CustomerController.java
